\BOOKMARK [0][-]{part.1}{\376\377\000I\000\040\137\025\212\000\116\016\127\372\170\100\151\202\137\365}{}% 1
\BOOKMARK [1][-]{section.1}{\376\377\116\316\123\125\213\276\131\007\122\060\131\032\213\276\131\007\217\271\177\030\123\117\124\014\143\250\164\006\166\204\157\024\217\333}{part.1}% 2
\BOOKMARK [2][-]{subsection.1.1}{\376\377\123\125\213\276\131\007\123\117\124\014\143\250\164\006\166\204\127\372\170\100}{section.1}% 3
\BOOKMARK [2][-]{subsection.1.2}{\376\377\131\032\213\276\131\007\127\072\146\157\166\204\137\305\211\201\140\047\116\016\145\260\121\164\131\015\147\102\140\047}{section.1}% 4
\BOOKMARK [2][-]{subsection.1.3}{\376\377\142\245\124\112\166\356\150\007\116\016\176\323\147\204}{section.1}% 5
\BOOKMARK [0][-]{part.2}{\376\377\000I\000I\000\040\131\032\213\276\131\007\123\117\124\014\143\250\164\006\166\204\174\373\176\337\152\041\127\213}{}% 6
\BOOKMARK [1][-]{subsection.1.4}{\376\377\147\266\147\204\150\106\147\266}{part.2}% 7
\BOOKMARK [2][-]{subsection.1.5}{\376\377\131\032\165\050\142\067\116\012\210\114\220\032\117\341\152\041\127\213}{subsection.1.4}% 8
\BOOKMARK [3][-]{subsubsection.1.5.1}{\376\377\131\032\127\100\143\245\121\145\145\271\150\110}{subsection.1.5}% 9
\BOOKMARK [3][-]{subsubsection.1.5.2}{\376\377\200\003\206\121\136\162\142\160\166\204\220\037\163\207\121\154\137\017}{subsection.1.5}% 10
\BOOKMARK [3][-]{subsubsection.1.5.3}{\376\377\220\032\117\341\136\366\217\337}{subsection.1.5}% 11
\BOOKMARK [2][-]{subsection.1.6}{\376\377\147\015\122\241\126\150\172\357\213\241\173\227\116\016\143\222\226\037\152\041\127\213}{subsection.1.4}% 12
\BOOKMARK [3][-]{subsubsection.1.6.1}{\376\377\147\015\122\241\126\150\117\134\116\072\143\222\226\037\174\373\176\337}{subsection.1.6}% 13
\BOOKMARK [3][-]{subsubsection.1.6.2}{\376\377\147\015\122\241\126\150\136\366\217\337\122\006\147\220}{subsection.1.6}% 14
\BOOKMARK [2][-]{subsection.1.7}{\376\377\145\164\117\123\140\047\200\375\143\007\150\007}{subsection.1.4}% 15
\BOOKMARK [3][-]{subsubsection.1.7.1}{\376\377\172\357\122\060\172\357\136\366\217\337}{subsection.1.7}% 16
\BOOKMARK [3][-]{subsubsection.1.7.2}{\376\377\174\373\176\337\140\073\200\375\200\027}{subsection.1.7}% 17
\BOOKMARK [3][-]{subsubsection.1.7.3}{\376\377\131\032\165\050\142\067\143\250\164\006\131\061\167\037}{subsection.1.7}% 18
\BOOKMARK [0][-]{part.3}{\376\377\000I\000I\000I\000\040\225\356\230\230\136\372\152\041\116\016\117\030\123\026}{}% 19
\BOOKMARK [1][-]{section.2}{\376\377\200\124\124\010\117\030\123\026\225\356\230\230\136\372\152\041\000\040\000\050\000P\000-\000M\000u\000l\000t\000i\000\051}{part.3}% 20
\BOOKMARK [2][-]{subsection.2.1}{\376\377\131\032\166\356\150\007\121\375\145\160}{section.2}% 21
\BOOKMARK [2][-]{subsection.2.2}{\376\377\176\374\124\010\176\246\147\137\147\141\116\366}{section.2}% 22
\BOOKMARK [2][-]{subsection.2.3}{\376\377\225\356\230\230\131\015\147\102\140\047\122\006\147\220}{section.2}% 23
\BOOKMARK [1][-]{section.3}{\376\377\122\006\134\102\117\030\123\026\116\016\122\006\211\343\150\106\147\266}{part.3}% 24
\BOOKMARK [1][-]{section.4}{\376\377\121\110\217\333\166\204\173\227\154\325\211\343\121\263\145\271\150\110}{part.3}% 25
\BOOKMARK [2][-]{subsection.4.1}{\376\377\123\132\137\010\213\272\145\271\154\325\377\032\123\273\116\055\137\303\123\026\166\204\215\104\156\220\122\006\221\115}{section.4}% 26
\BOOKMARK [2][-]{subsection.4.2}{\376\377\155\361\136\246\137\072\123\026\133\146\116\140\150\106\147\266\377\032\122\250\140\001\163\257\130\203\116\013\166\204\146\172\200\375\143\247\122\066}{section.4}% 27
\BOOKMARK [0][-]{part.4}{\376\377\000I\000V\000\040\122\006\147\220\060\001\136\372\213\256\116\016\147\052\147\145\145\271\124\021}{}% 28
\BOOKMARK [1][-]{section.5}{\376\377\140\047\200\375\213\304\117\060\116\016\155\036\133\337}{part.4}% 29
\BOOKMARK [1][-]{section.6}{\376\377\142\030\165\145\136\372\213\256\116\016\176\323\213\272}{part.4}% 30
\BOOKMARK [2][-]{subsection.6.1}{\376\377\133\236\226\105\220\350\177\162\136\372\213\256}{section.6}% 31
\BOOKMARK [2][-]{subsection.6.2}{\376\377\215\041\163\056\140\073\176\323}{section.6}% 32
\BOOKMARK [2][-]{subsection.6.3}{\376\377\147\052\147\145\170\024\172\166\145\271\124\021}{section.6}% 33
